[INFO] Scanning for projects...
[INFO] 
[INFO] --------------------< io.strategiz:strategiz-core >---------------------
[INFO] Building strategiz-core 1.0-SNAPSHOT
[INFO] --------------------------------[ jar ]---------------------------------
[INFO] 
[INFO] --- maven-resources-plugin:2.6:resources (default-resources) @ strategiz-core ---
[INFO] Using 'UTF-8' encoding to copy filtered resources.
[INFO] skip non existing resourceDirectory C:\Users\cuzto\Documents\GitHub\strategiz-core\src\main\resources
[INFO] 
[INFO] --- maven-compiler-plugin:3.1:compile (default-compile) @ strategiz-core ---
[INFO] Changes detected - recompiling the module!
[INFO] Compiling 36 source files to C:\Users\cuzto\Documents\GitHub\strategiz-core\target\classes
[INFO] -------------------------------------------------------------
[ERROR] COMPILATION ERROR : 
[INFO] -------------------------------------------------------------
[ERROR] /C:/Users/cuzto/Documents/GitHub/strategiz-core/src/main/java/io/strategiz/coinbase/service/CoinbaseService.java:[123,38] cannot find symbol
  symbol:   method getQuery()
  location: variable uriBuilder of type org.apache.http.client.utils.URIBuilder
[INFO] 1 error
[INFO] -------------------------------------------------------------
[INFO] ------------------------------------------------------------------------
[INFO] BUILD FAILURE
[INFO] ------------------------------------------------------------------------
[INFO] Total time:  4.832 s
[INFO] Finished at: 2025-03-14T21:03:34-04:00
[INFO] ------------------------------------------------------------------------
[ERROR] Failed to execute goal org.apache.maven.plugins:maven-compiler-plugin:3.1:compile (default-compile) on project strategiz-core: Compilation failure
[ERROR] /C:/Users/cuzto/Documents/GitHub/strategiz-core/src/main/java/io/strategiz/coinbase/service/CoinbaseService.java:[123,38] cannot find symbol
[ERROR]   symbol:   method getQuery()
[ERROR]   location: variable uriBuilder of type org.apache.http.client.utils.URIBuilder
[ERROR] 
[ERROR] -> [Help 1]
[ERROR] 
[ERROR] To see the full stack trace of the errors, re-run Maven with the -e switch.
[ERROR] Re-run Maven using the -X switch to enable full debug logging.
[ERROR] 
[ERROR] For more information about the errors and possible solutions, please read the following articles:
[ERROR] [Help 1] http://cwiki.apache.org/confluence/display/MAVEN/MojoFailureException
