[INFO] Scanning for projects...
[INFO] ------------------------------------------------------------------------
[INFO] Reactor Build Order:
[INFO] 
[INFO] data-base                                                          [jar]
[INFO] data-strategy                                                      [jar]
[INFO] 
[INFO] -----------------------< io.strategiz:data-base >-----------------------
[INFO] Building data-base 1.0-SNAPSHOT                                    [1/2]
[INFO] --------------------------------[ jar ]---------------------------------
[INFO] 
[INFO] --- maven-clean-plugin:3.4.1:clean (default-clean) @ data-base ---
[INFO] Deleting C:\Users\cuzto\Documents\GitHub\strategiz-core\data\data-base\target
[INFO] 
[INFO] --- maven-resources-plugin:3.3.1:resources (default-resources) @ data-base ---
[INFO] skip non existing resourceDirectory C:\Users\cuzto\Documents\GitHub\strategiz-core\data\data-base\src\main\resources
[INFO] skip non existing resourceDirectory C:\Users\cuzto\Documents\GitHub\strategiz-core\data\data-base\src\main\resources
[INFO] 
[INFO] --- maven-compiler-plugin:3.11.0:compile (default-compile) @ data-base ---
[INFO] Changes detected - recompiling the module! :source
[INFO] Compiling 2 source files with javac [forked debug release 21] to target\classes
[INFO] 
[INFO] --- maven-resources-plugin:3.3.1:testResources (default-testResources) @ data-base ---
[INFO] skip non existing resourceDirectory C:\Users\cuzto\Documents\GitHub\strategiz-core\data\data-base\src\test\resources
[INFO] 
[INFO] --- maven-compiler-plugin:3.11.0:testCompile (default-testCompile) @ data-base ---
[INFO] No sources to compile
[INFO] 
[INFO] --- maven-surefire-plugin:3.5.3:test (default-test) @ data-base ---
[INFO] No tests to run.
[INFO] 
[INFO] --- maven-jar-plugin:3.4.2:jar (default-jar) @ data-base ---
[INFO] Building jar: C:\Users\cuzto\Documents\GitHub\strategiz-core\data\data-base\target\data-base-1.0-SNAPSHOT.jar
[INFO] 
[INFO] --- spring-boot-maven-plugin:3.5.0:repackage (repackage) @ data-base ---
[INFO] 
[INFO] --- maven-install-plugin:3.1.4:install (default-install) @ data-base ---
[INFO] Installing C:\Users\cuzto\Documents\GitHub\strategiz-core\data\data-base\pom.xml to C:\Users\cuzto\.m2\repository\io\strategiz\data-base\1.0-SNAPSHOT\data-base-1.0-SNAPSHOT.pom
[INFO] Installing C:\Users\cuzto\Documents\GitHub\strategiz-core\data\data-base\target\data-base-1.0-SNAPSHOT.jar to C:\Users\cuzto\.m2\repository\io\strategiz\data-base\1.0-SNAPSHOT\data-base-1.0-SNAPSHOT.jar
[INFO] 
[INFO] ---------------------< io.strategiz:data-strategy >---------------------
[INFO] Building data-strategy 1.0-SNAPSHOT                                [2/2]
[INFO] --------------------------------[ jar ]---------------------------------
[INFO] 
[INFO] --- maven-clean-plugin:3.4.1:clean (default-clean) @ data-strategy ---
[INFO] Deleting C:\Users\cuzto\Documents\GitHub\strategiz-core\data\data-strategy\target
[INFO] 
[INFO] --- maven-resources-plugin:3.3.1:resources (default-resources) @ data-strategy ---
[INFO] skip non existing resourceDirectory C:\Users\cuzto\Documents\GitHub\strategiz-core\data\data-strategy\src\main\resources
[INFO] skip non existing resourceDirectory C:\Users\cuzto\Documents\GitHub\strategiz-core\data\data-strategy\src\main\resources
[INFO] 
[INFO] --- maven-compiler-plugin:3.11.0:compile (default-compile) @ data-strategy ---
[INFO] Changes detected - recompiling the module! :dependency
[INFO] Compiling 3 source files with javac [forked debug release 21] to target\classes
[INFO] 
[INFO] --- maven-resources-plugin:3.3.1:testResources (default-testResources) @ data-strategy ---
[INFO] skip non existing resourceDirectory C:\Users\cuzto\Documents\GitHub\strategiz-core\data\data-strategy\src\test\resources
[INFO] 
[INFO] --- maven-compiler-plugin:3.11.0:testCompile (default-testCompile) @ data-strategy ---
[INFO] No sources to compile
[INFO] 
[INFO] --- maven-surefire-plugin:3.5.3:test (default-test) @ data-strategy ---
[INFO] No tests to run.
[INFO] 
[INFO] --- maven-jar-plugin:3.4.2:jar (default-jar) @ data-strategy ---
[INFO] Building jar: C:\Users\cuzto\Documents\GitHub\strategiz-core\data\data-strategy\target\data-strategy-1.0-SNAPSHOT.jar
[INFO] 
[INFO] --- spring-boot-maven-plugin:3.5.0:repackage (repackage) @ data-strategy ---
[INFO] 
[INFO] --- maven-install-plugin:3.1.4:install (default-install) @ data-strategy ---
[INFO] Installing C:\Users\cuzto\Documents\GitHub\strategiz-core\data\data-strategy\pom.xml to C:\Users\cuzto\.m2\repository\io\strategiz\data-strategy\1.0-SNAPSHOT\data-strategy-1.0-SNAPSHOT.pom
[INFO] Installing C:\Users\cuzto\Documents\GitHub\strategiz-core\data\data-strategy\target\data-strategy-1.0-SNAPSHOT.jar to C:\Users\cuzto\.m2\repository\io\strategiz\data-strategy\1.0-SNAPSHOT\data-strategy-1.0-SNAPSHOT.jar
[INFO] ------------------------------------------------------------------------
[INFO] Reactor Summary for data-base 1.0-SNAPSHOT:
[INFO] 
[INFO] data-base .......................................... SUCCESS [  3.222 s]
[INFO] data-strategy ...................................... SUCCESS [  1.434 s]
[INFO] ------------------------------------------------------------------------
[INFO] BUILD SUCCESS
[INFO] ------------------------------------------------------------------------
[INFO] Total time:  5.866 s
[INFO] Finished at: 2025-05-31T16:34:49-04:00
[INFO] ------------------------------------------------------------------------
