[INFO] Scanning for projects...
[INFO] 
[INFO] --------------------< io.strategiz:strategiz-core >---------------------
[INFO] Building strategiz-core 1.0-SNAPSHOT
[INFO] --------------------------------[ jar ]---------------------------------
[INFO] 
[INFO] --- maven-clean-plugin:3.2.0:clean (default-clean) @ strategiz-core ---
[INFO] Deleting C:\Users\cuzto\Documents\GitHub\strategiz-core\target
[INFO] 
[INFO] --- maven-resources-plugin:3.2.0:resources (default-resources) @ strategiz-core ---
[INFO] Using 'UTF-8' encoding to copy filtered resources.
[INFO] Using 'UTF-8' encoding to copy filtered properties files.
[INFO] Copying 2 resources
[INFO] Copying 2 resources
[INFO] 
[INFO] --- maven-compiler-plugin:3.10.1:compile (default-compile) @ strategiz-core ---
[INFO] Changes detected - recompiling the module!
[INFO] Compiling 82 source files to C:\Users\cuzto\Documents\GitHub\strategiz-core\target\classes
[INFO] ------------------------------------------------------------------------
[INFO] BUILD SUCCESS
[INFO] ------------------------------------------------------------------------
[INFO] Total time:  8.137 s
[INFO] Finished at: 2025-04-11T19:06:25-04:00
[INFO] ------------------------------------------------------------------------
